[    3950ms] [ERROR] Failed to load resource: the server responded with a status of 403 () @ https://cdn-assets.lucid.app/cas/7/c/8c81d3d8ca47b3d5556359a20efdd80ddfd1b8676db958d8869ee0e073d8f9.module.gz:0
[    4083ms] [ERROR] Failed to load resource: the server responded with a status of 403 () @ https://o4510913647345664.ingest.us.sentry.io/api/4511213961084928/envelope/?sentry_version=7&sentry_key=5db0f239d1bf6744311abbae77f3401c&sentry_client=sentry.javascript.browser%2F10.40.0:0
[    4819ms] [ERROR] Failed to load resource: the server responded with a status of 404 () @ https://users.lucid.app/userAvatars/220237357:0
[    5686ms] [ERROR] Failed to load resource: the server responded with a status of 403 () @ https://cdn-assets.lucid.app/cas/7/c/8c81d3d8ca47b3d5556359a20efdd80ddfd1b8676db958d8869ee0e073d8f9.module:0
[    6936ms] [ERROR] Failed to load resource: the server responded with a status of 404 () @ https://cdn.lucid.app/module/application/charthomepage_app/chunk/opentelemetry.module.external.chunk?compiled=1&version=5%2F4%2F36afc1983e2ba78ca95dbc3b02b0cf3402538ba5c0fe2e156715a32f5d5645:0
[    6939ms] [ERROR] AggregateError
    at https://cdn-assets.lucid.app/cas/6/e/a726817d0e452b7d55a514c7013fcc301c3b7e35e9b22f7a76ea9192a96e83.js.gz:331:305
    at Generator.throw (<anonymous>)
    at c (https://cdn-assets.lucid.app/cas/8/1/89185ab524429cfc4a2f4f59f09bc468feca33fc96f8ebc18ee3034422b246.js.gz:3:79)
    at u.invoke (https://cdn-assets.lucid.app/cas/b/a/6350cce1c7f451a02ec711f3b1b631ff8aa26a55f859386f4a65821e3a0e12.js.gz:16:7719)
    at $.run (https://cdn-assets.lucid.app/cas/b/a/6350cce1c7f451a02ec711f3b1b631ff8aa26a55f859386f4a65821e3a0e12.js.gz:16:2295)
    at https://cdn-assets.lucid.app/cas/b/a/6350cce1c7f451a02ec711f3b1b631ff8aa26a55f859386f4a65821e3a0e12.js.gz:17:557
    at u.invokeTask (https://cdn-assets.lucid.app/cas/b/a/6350cce1c7f451a02ec711f3b1b631ff8aa26a55f859386f4a65821e3a0e12.js.gz:16:8344)
    at $.runTask (https://cdn-assets.lucid.app/cas/b/a/6350cce1c7f451a02ec711f3b1b631ff8aa26a55f859386f4a65821e3a0e12.js.gz:16:2936)
    at X (https://cdn-assets.lucid.app/cas/b/a/6350cce1c7f451a02ec711f3b1b631ff8aa26a55f859386f4a65821e3a0e12.js.gz:16:10534) @ https://cdn-assets.lucid.app/cas/b/2/c34864a7e670e15a847440ce20af5feb93ef325acc31845092ed7752962d2d.js.gz:12
[    8013ms] [ERROR] Failed to load resource: the server responded with a status of 403 () @ https://documents.lucid.app/accounts/215814452/documents/classificationAttributes?includeDeleted=false:0
[    8119ms] [ERROR] Failed to load resource: the server responded with a status of 404 () @ https://gravatar.com/avatar/459f3a4dcad3acd4158cdec04ac5edae975f9382c3ebc8631b95b4f6d0a3aaed?s=32&d=404:0
[    8259ms] [ERROR] Failed to load resource: the server responded with a status of 404 () @ https://users.lucid.app/accounts/215627022/spark/subscription:0
[   15049ms] [WARNING] The resource https://cdn-cashy-static-assets.lucidchart.com/app/common/persona/blurred-persona-background.png was preloaded using link preload but not used within a few seconds from the window's load event. Please make sure it has an appropriate `as` value and it is preloaded intentionally. @ https://lucid.app/documents#/home?folder_id=recent:0
[   24938ms] [WARNING] The resource https://cdn-cashy-static-assets.lucidchart.com/app/common/persona/blurred-persona-background.png was preloaded using link preload but not used within a few seconds from the window's load event. Please make sure it has an appropriate `as` value and it is preloaded intentionally. @ https://lucid.app/documents#/home?folder_id=recent:0
[   40460ms] [WARNING] The resource https://cdn-cashy-static-assets.lucidchart.com/app/common/persona/blurred-persona-background.png was preloaded using link preload but not used within a few seconds from the window's load event. Please make sure it has an appropriate `as` value and it is preloaded intentionally. @ https://lucid.app/documents#/home?folder_id=recent:0
[   45044ms] [WARNING] The resource https://cdn-cashy-static-assets.lucidchart.com/app/common/persona/blurred-persona-background.png was preloaded using link preload but not used within a few seconds from the window's load event. Please make sure it has an appropriate `as` value and it is preloaded intentionally. @ https://lucid.app/documents#/home?folder_id=recent:0
[   66829ms] [WARNING] The resource https://cdn-cashy-static-assets.lucidchart.com/app/common/persona/blurred-persona-background.png was preloaded using link preload but not used within a few seconds from the window's load event. Please make sure it has an appropriate `as` value and it is preloaded intentionally. @ https://lucid.app/documents#/home?folder_id=recent:0
[   71116ms] [WARNING] The resource https://cdn-cashy-static-assets.lucidchart.com/app/common/persona/blurred-persona-background.png was preloaded using link preload but not used within a few seconds from the window's load event. Please make sure it has an appropriate `as` value and it is preloaded intentionally. @ https://lucid.app/documents#/home?folder_id=recent:0
[   96976ms] [WARNING] The resource https://cdn-cashy-static-assets.lucidchart.com/app/common/persona/blurred-persona-background.png was preloaded using link preload but not used within a few seconds from the window's load event. Please make sure it has an appropriate `as` value and it is preloaded intentionally. @ https://lucid.app/documents#/home?folder_id=recent:0
[  105490ms] [WARNING] The resource https://cdn-cashy-static-assets.lucidchart.com/app/common/persona/blurred-persona-background.png was preloaded using link preload but not used within a few seconds from the window's load event. Please make sure it has an appropriate `as` value and it is preloaded intentionally. @ https://lucid.app/documents#/home?folder_id=recent:0
[  115932ms] [WARNING] The resource https://cdn-cashy-static-assets.lucidchart.com/app/common/persona/blurred-persona-background.png was preloaded using link preload but not used within a few seconds from the window's load event. Please make sure it has an appropriate `as` value and it is preloaded intentionally. @ https://lucid.app/documents#/home?folder_id=recent:0
[  126943ms] [WARNING] The resource https://cdn-cashy-static-assets.lucidchart.com/app/common/persona/blurred-persona-background.png was preloaded using link preload but not used within a few seconds from the window's load event. Please make sure it has an appropriate `as` value and it is preloaded intentionally. @ https://lucid.app/documents#/home?folder_id=recent:0
[  138174ms] [WARNING] The resource https://cdn-cashy-static-assets.lucidchart.com/app/common/persona/blurred-persona-background.png was preloaded using link preload but not used within a few seconds from the window's load event. Please make sure it has an appropriate `as` value and it is preloaded intentionally. @ https://lucid.app/documents#/home?folder_id=recent:0
[  311094ms] [WARNING] The resource https://cdn-cashy-static-assets.lucidchart.com/app/common/persona/blurred-persona-background.png was preloaded using link preload but not used within a few seconds from the window's load event. Please make sure it has an appropriate `as` value and it is preloaded intentionally. @ https://lucid.app/documents#/home?folder_id=recent:0
[  337475ms] [WARNING] The resource https://cdn-cashy-static-assets.lucidchart.com/app/common/persona/blurred-persona-background.png was preloaded using link preload but not used within a few seconds from the window's load event. Please make sure it has an appropriate `as` value and it is preloaded intentionally. @ https://lucid.app/documents#/home?folder_id=recent:0
[  606945ms] [WARNING] The resource https://cdn-cashy-static-assets.lucidchart.com/app/common/persona/blurred-persona-background.png was preloaded using link preload but not used within a few seconds from the window's load event. Please make sure it has an appropriate `as` value and it is preloaded intentionally. @ https://lucid.app/documents#/home?folder_id=recent:0
[  637564ms] [WARNING] The resource https://cdn-cashy-static-assets.lucidchart.com/app/common/persona/blurred-persona-background.png was preloaded using link preload but not used within a few seconds from the window's load event. Please make sure it has an appropriate `as` value and it is preloaded intentionally. @ https://lucid.app/documents#/home?folder_id=recent:0
[  907023ms] [WARNING] The resource https://cdn-cashy-static-assets.lucidchart.com/app/common/persona/blurred-persona-background.png was preloaded using link preload but not used within a few seconds from the window's load event. Please make sure it has an appropriate `as` value and it is preloaded intentionally. @ https://lucid.app/documents#/home?folder_id=recent:0
[  937728ms] [WARNING] The resource https://cdn-cashy-static-assets.lucidchart.com/app/common/persona/blurred-persona-background.png was preloaded using link preload but not used within a few seconds from the window's load event. Please make sure it has an appropriate `as` value and it is preloaded intentionally. @ https://lucid.app/documents#/home?folder_id=recent:0
[ 1207513ms] [WARNING] The resource https://cdn-cashy-static-assets.lucidchart.com/app/common/persona/blurred-persona-background.png was preloaded using link preload but not used within a few seconds from the window's load event. Please make sure it has an appropriate `as` value and it is preloaded intentionally. @ https://lucid.app/documents#/home?folder_id=recent:0
[ 1237680ms] [WARNING] The resource https://cdn-cashy-static-assets.lucidchart.com/app/common/persona/blurred-persona-background.png was preloaded using link preload but not used within a few seconds from the window's load event. Please make sure it has an appropriate `as` value and it is preloaded intentionally. @ https://lucid.app/documents#/home?folder_id=recent:0
